// Jest Snapshot v1, https://goo.gl/fbAQLP

exports[`matches snapshot 1`] = `
<React.Fragment>
  <ForwardRef(render)>
    Add Proof of Assets
  </ForwardRef(render)>
  <ForwardRef(render)>
    Fill in the details below to add your proof of assets.
  </ForwardRef(render)>
  <ForwardRef(render)
    alt="piggy bank"
    src="piggy-bank.png"
  />
  <ForwardRef(render)
    height={30}
  />
  <UNDEFINED
    financialType={10}
    initialValues={
      Object {
        "estimated_amount": "1111",
        "income_or_asset_type": 10,
      }
    }
    onSubmit={[Function]}
  />
  <BackLink
    to="/income-employment/manual#asset"
  />
</React.Fragment>
`;
