// Jest Snapshot v1, https://goo.gl/fbAQLP

exports[`matches snapshot for welcome page 1`] = `
Array [
  <div
    className="css-7gulox"
  />,
  <div
    className="css-1u4ctym"
  />,
  <div
    className="css-1cs06h0"
  >
    <div
      className="css-1wiy7ua"
    >
      <img
        alt="company logo"
        src="cortland_logo.png"
        width="150"
      />
    </div>
    <div
      className="css-1l6arv8"
    >
      <div
        className="css-1kbcrrf"
      >
        <img
          alt="company logo"
          src="home-image.png"
          width="30"
        />
      </div>
      <div
        className="css-v8g9jw"
      >
        Hello Chester,
      </div>
      Your new home awaits at
      <br />
      <div
        className="css-enz7gz"
      >
        Cortland
      </div>
      <div
        className="css-1mlti9w"
      >
        2173 Highland Ave S
      </div>
      <div
        className="css-1mlti9w"
      >
        1 Bedroom - 3B
      </div>
      <div
        className="css-1mlti9w"
      >
        Birmingham, AL 35205
      </div>
    </div>
    <div
      className="css-q38i9v"
    >
      <button
        className="MuiButtonBase-root-27 MuiButton-root-1 css-xrj6rj MuiButton-contained-12 MuiButton-containedPrimary-13 MuiButton-raised-15 MuiButton-raisedPrimary-16 MuiButton-fullWidth-26"
        disabled={false}
        onBlur={[Function]}
        onClick={[Function]}
        onContextMenu={[Function]}
        onFocus={[Function]}
        onKeyDown={[Function]}
        onKeyUp={[Function]}
        onMouseDown={[Function]}
        onMouseLeave={[Function]}
        onMouseUp={[Function]}
        onTouchEnd={[Function]}
        onTouchMove={[Function]}
        onTouchStart={[Function]}
        tabIndex="0"
        type="submit"
      >
        <span
          className="MuiButton-label-2 css-1tzl5gn"
        >
          Start Application
        </span>
        <span
          className="MuiTouchRipple-root-30"
        />
      </button>
      <img
        alt="funnel logo"
        src="PoweredByFunnel.png"
        style={
          Object {
            "marginTop": "20px",
          }
        }
        width="200"
      />
    </div>
  </div>,
]
`;
