// Jest Snapshot v1, https://goo.gl/fbAQLP

exports[`matches snapshot for welcome page 1`] = `
Array [
  <div
    className="css-lwkisb"
  >
    <div>
      Jane Morgan
    </div>
    <span
      aria-label="agent-avatar"
      role="img"
      style={
        Object {
          "fontSize": 60,
          "lineHeight": "80px",
        }
      }
    >
      ðŸ‘©
    </span>
    <div
      className="css-pwky2g"
    >
      <div>
        Leasing Agent
      </div>
      <div>
        Sky Residencies
      </div>
    </div>
  </div>,
  <div
    style={
      Object {
        "padding": 25,
        "textAlign": "left",
      }
    }
  >
    <div
      className="css-vfetyo"
    >
      Hi Sam,
    </div>
    <div>
      Your magically simple rental application starts here.
    </div>
    <br />
    <div>
      Your new home awaits at 
      <span
        className="css-1xxe9l9"
      >
        555 Waverly 605 W 11th St, New York, Unit 3F
      </span>
       awaits.
    </div>
    <br />
    <br />
    <button
      className="MuiButtonBase-root-27 MuiButton-root-1 MuiButton-contained-12 MuiButton-containedPrimary-13 MuiButton-raised-15 MuiButton-raisedPrimary-16 MuiButton-fullWidth-26"
      disabled={false}
      onBlur={[Function]}
      onClick={[Function]}
      onContextMenu={[Function]}
      onFocus={[Function]}
      onKeyDown={[Function]}
      onKeyUp={[Function]}
      onMouseDown={[Function]}
      onMouseLeave={[Function]}
      onMouseUp={[Function]}
      onTouchEnd={[Function]}
      onTouchMove={[Function]}
      onTouchStart={[Function]}
      tabIndex="0"
      type="submit"
    >
      <span
        className="MuiButton-label-2"
      >
        Click here
      </span>
      <span
        className="MuiTouchRipple-root-30"
      />
    </button>
  </div>,
]
`;
