// Jest Snapshot v1, https://goo.gl/fbAQLP

exports[`Matches snapshot 1`] = `
<div
  className="css-17t7hmy"
>
  <span
    aria-disabled={false}
    className="MuiButtonBase-root MuiIconButton-root PrivateSwitchBase-root-1 MuiCheckbox-root css-14bneh MuiCheckbox-colorSecondary MuiIconButton-colorSecondary"
    error={false}
    onBlur={[Function]}
    onDragLeave={[Function]}
    onFocus={[Function]}
    onKeyDown={[Function]}
    onKeyUp={[Function]}
    onMouseDown={[Function]}
    onMouseLeave={[Function]}
    onMouseUp={[Function]}
    onTouchEnd={[Function]}
    onTouchMove={[Function]}
    onTouchStart={[Function]}
    tabIndex={null}
  >
    <span
      className="MuiIconButton-label"
    >
      <input
        checked={false}
        className="PrivateSwitchBase-input-4"
        data-indeterminate={false}
        disabled={false}
        name="checky"
        onChange={[Function]}
        type="checkbox"
      />
      <svg
        aria-hidden="true"
        className="MuiSvgIcon-root"
        focusable="false"
        role="presentation"
        viewBox="0 0 24 24"
      >
        <path
          d="M19 5v14H5V5h14m0-2H5c-1.1 0-2 .9-2 2v14c0 1.1.9 2 2 2h14c1.1 0 2-.9 2-2V5c0-1.1-.9-2-2-2z"
        />
      </svg>
    </span>
  </span>
  <span
    className="css-15fyth5"
  >
    I authorize Nestio to obtain, on behalf of Landlord
  </span>
</div>
`;
