// Jest Snapshot v1, https://goo.gl/fbAQLP

exports[`PaymentDetails renders the correct number of rows 1`] = `
<React.Fragment>
  <ForwardRef(render)>
    Payment Details
  </ForwardRef(render)>
  <ForwardRef(render)>
    Hereâ€™s the breakdown for unit 
    1
  </ForwardRef(render)>
  <PaymentDetailsCard
    fetchPayments={[MockFunction]}
    payables={
      Array [
        Object {
          "paid": true,
        },
        Object {
          "paid": true,
        },
        Object {
          "paid": true,
        },
      ]
    }
    profile={
      Object {
        "fees_breakdown": Object {
          "application_fees": Object {
            "items": Array [],
            "total": "620",
          },
          "monthly_fees_v2": Object {
            "items": Array [],
            "total": "1234",
          },
          "move_in_fees_v2": Object {
            "items": Array [],
            "total": "0",
          },
        },
        "lease_start_date": "2020-12-15",
        "lease_term": 12,
        "unit": Object {
          "unit_number": 1,
        },
      }
    }
  />
</React.Fragment>
`;
