// Jest Snapshot v1, https://goo.gl/fbAQLP

exports[`PaymentDetails renders the correct number of rows 1`] = `
<React.Fragment>
  <ForwardRef(render)>
    Payment Details
  </ForwardRef(render)>
  <ForwardRef(render)>
    Hereâ€™s the breakdown for unit 
    1
  </ForwardRef(render)>
  <PaymentDetailsCard
    applicationFees={
      Object {
        "allPaid": true,
        "items": Array [
          Object {
            "amount": 500,
            "name": "Application Fee",
            "price": 125,
            "quantity": 4,
            "type": "fee",
          },
          Object {
            "amount": 120,
            "name": "Holding Deposit",
            "price": 120,
            "quantity": 1,
            "type": "fee",
          },
        ],
        "total": 620,
      }
    }
    fetchPayments={[MockFunction]}
    profile={
      Object {
        "fees_breakdown": Object {
          "application_fees": Object {
            "items": Array [],
            "total": "620",
          },
          "monthly_fees": Object {
            "items": Array [],
            "total": "1234",
          },
          "move_in_fees": Object {
            "items": Array [],
            "total": "0",
          },
        },
        "lease_start_date": "2020-12-15",
        "lease_term": 12,
        "unit": Object {
          "unit_number": 1,
        },
      }
    }
  />
</React.Fragment>
`;
